version: 19.1.0
version: 19.1.1
version: 19.1.2
version: 19.1.3
version: 19.1.4
version: 19.1.5
version: 19.1.6
version: 19.1.7
version: 20.1.0
version: 20.1.1
version: 20.1.2
version: 20.1.3
del: clang+llvm-19.1.0-aarch64-linux-gnu.tar.xz
del: clang+llvm-19.1.0-armv7a-linux-gnueabihf.tar.gz
del: clang+llvm-19.1.0-x86_64-pc-windows-msvc.tar.xz
del: clang+llvm-19.1.1-aarch64-linux-gnu.tar.xz
del: clang+llvm-19.1.1-armv7a-linux-gnueabihf.tar.gz
del: clang+llvm-19.1.1-x86_64-pc-windows-msvc.tar.xz
del: clang+llvm-19.1.2-aarch64-linux-gnu.tar.xz
del: clang+llvm-19.1.2-armv7a-linux-gnueabihf.tar.gz
del: clang+llvm-19.1.2-x86_64-pc-windows-msvc.tar.xz
del: clang+llvm-19.1.3-armv7a-linux-gnueabihf.tar.gz
del: clang+llvm-19.1.3-x86_64-pc-windows-msvc.tar.xz
del: clang+llvm-19.1.4-armv7a-linux-gnueabihf.tar.gz
del: clang+llvm-19.1.4-x86_64-pc-windows-msvc.tar.xz
del: clang+llvm-19.1.5-armv7a-linux-gnueabihf.tar.gz
del: clang+llvm-19.1.5-x86_64-pc-windows-msvc.tar.xz
del: clang+llvm-19.1.6-armv7a-linux-gnueabihf.tar.gz
del: clang+llvm-19.1.6-x86_64-pc-windows-msvc.tar.xz
del: clang+llvm-19.1.7-armv7a-linux-gnueabihf.tar.gz
del: clang+llvm-19.1.7-x86_64-pc-windows-msvc.tar.xz
del: clang+llvm-20.1.0-aarch64-pc-windows-msvc.tar.xz
del: clang+llvm-20.1.0-armv7a-linux-gnueabihf.tar.gz
del: clang+llvm-20.1.0-x86_64-pc-windows-msvc.tar.xz
del: clang+llvm-20.1.1-aarch64-pc-windows-msvc.tar.xz
del: clang+llvm-20.1.1-armv7a-linux-gnueabihf.tar.gz
del: clang+llvm-20.1.1-x86_64-pc-windows-msvc.tar.xz
del: clang+llvm-20.1.2-aarch64-pc-windows-msvc.tar.xz
del: clang+llvm-20.1.2-armv7a-linux-gnueabihf.tar.gz
del: clang+llvm-20.1.2-x86_64-pc-windows-msvc.tar.xz
del: clang+llvm-20.1.3-aarch64-pc-windows-msvc.tar.xz
del: clang+llvm-20.1.3-armv7a-linux-gnueabihf.tar.gz
del: clang+llvm-20.1.3-x86_64-pc-windows-msvc.tar.xz
