del: clang+llvm-6.0.0-amd64-unknown-freebsd-10.tar.xz
del: clang+llvm-6.0.0-i386-unknown-freebsd-10.tar.xz
del: clang+llvm-6.0.0-i686-linux-gnu-Fedora27.tar.xz
del: clang+llvm-6.0.0-mips-linux-gnu.tar.xz
del: clang+llvm-6.0.0-mipsel-linux-gnu.tar.xz
del: clang+llvm-6.0.0-x86_64-linux-gnu-Fedora27.tar.xz
del: clang+llvm-6.0.0-x86_64-linux-gnu-debian8.tar.xz
del: clang+llvm-6.0.0-x86_64-linux-gnu-ubuntu-14.04.tar.xz
del: clang+llvm-6.0.0-x86_64-linux-gnu-ubuntu-16.04.tar.xz
del: clang+llvm-6.0.0-x86_64-linux-sles11.3.tar.xz
del: clang+llvm-6.0.0-x86_64-linux-sles12.2.tar.xz
del: clang+llvm-6.0.1-amd64-unknown-freebsd10.tar.xz
del: clang+llvm-6.0.1-i386-unknown-freebsd10.tar.xz
del: clang+llvm-6.0.1-x86_64-linux-gnu-ubuntu-14.04.tar.xz
del: clang+llvm-6.0.1-x86_64-linux-gnu-ubuntu-16.04.tar.xz
del: clang+llvm-6.0.1-x86_64-linux-sles11.3.tar.xz
del: clang+llvm-6.0.1-x86_64-linux-sles12.3.tar.xz
del: clang+llvm-7.0.0-amd64-unknown-freebsd-10.tar.xz
del: clang+llvm-7.0.0-i386-unknown-freebsd-10.tar.xz
del: clang+llvm-7.0.0-x86_64-linux-gnu-ubuntu-14.04.tar.xz
del: clang+llvm-7.0.0-x86_64-linux-gnu-ubuntu-16.04.tar.xz
del: clang+llvm-7.0.0-x86_64-linux-sles11.3.tar.xz
del: clang+llvm-7.0.0-x86_64-linux-sles12.3.tar.xz
del: clang+llvm-8.0.0-amd64-unknown-freebsd11.tar.xz
del: clang+llvm-8.0.0-i386-unknown-freebsd11.tar.xz
del: clang+llvm-8.0.0-x86_64-linux-gnu-ubuntu-14.04.tar.xz
del: clang+llvm-8.0.0-x86_64-linux-gnu-ubuntu-16.04.tar.xz
del: clang+llvm-8.0.0-x86_64-linux-gnu-ubuntu-18.04.tar.xz
del: clang+llvm-8.0.0-x86_64-linux-sles11.3.tar.xz
del: clang+llvm-8.0.1-amd64-unknown-freebsd11.tar.xz
del: clang+llvm-8.0.1-i386-unknown-freebsd11.tar.xz
del: clang+llvm-8.0.1-powerpc64le-linux-rhel-7.4.tar.xz
del: clang+llvm-8.0.1-powerpc64le-linux-ubuntu-16.04.tar.xz
del: clang+llvm-8.0.1-x86_64-linux-sles11.3.tar.xz
del: clang+llvm-9.0.0-amd64-unknown-freebsd11.tar.xz
del: clang+llvm-9.0.0-i386-unknown-freebsd11.tar.xz
del: clang+llvm-9.0.0-powerpc64le-linux-rhel-7.4.tar.xz
del: clang+llvm-9.0.0-powerpc64le-linux-ubuntu-16.04.tar.xz
del: clang+llvm-9.0.0-x86_64-darwin-apple.tar.xz
del: clang+llvm-9.0.0-x86_64-linux-gnu-ubuntu-14.04.tar.xz
del: clang+llvm-9.0.0-x86_64-linux-gnu-ubuntu-16.04.tar.xz
del: clang+llvm-9.0.0-x86_64-linux-gnu-ubuntu-18.04.tar.xz
del: clang+llvm-9.0.0-x86_64-linux-sles11.3.tar.xz
del: clang+llvm-9.0.0-x86_64-pc-linux-gnu.tar.xz
del: clang+llvm-10.0.0-amd64-unknown-freebsd11.tar.xz
del: clang+llvm-10.0.0-i386-unknown-freebsd11.tar.xz
del: clang+llvm-10.0.0-powerpc64le-linux-rhel-7.4.tar.xz
del: clang+llvm-10.0.0-powerpc64le-linux-ubuntu-16.04.tar.xz
del: clang+llvm-10.0.0-x86_64-linux-sles11.3.tar.xz
del: clang+llvm-10.0.1-amd64-unknown-freebsd11.tar.xz
del: clang+llvm-10.0.1-i386-unknown-freebsd11.tar.xz
del: clang+llvm-10.0.1-powerpc64le-linux-rhel-7.4.tar.xz
del: clang+llvm-10.0.1-powerpc64le-linux-ubuntu-16.04.tar.xz
del: clang+llvm-10.0.1-x86_64-linux-sles12.4.tar.xz
del: clang+llvm-11.0.0-x86_64-linux-gnu-ubuntu-16.04.tar.xz
del: clang+llvm-11.0.0-x86_64-linux-gnu-ubuntu-20.04.tar.xz
del: clang+llvm-11.0.0-x86_64-linux-sles12.4.tar.xz
del: clang+llvm-11.0.1-amd64-unknown-freebsd11.tar.xz
del: clang+llvm-11.0.1-amd64-unknown-freebsd12.tar.xz
del: clang+llvm-11.0.1-i386-unknown-freebsd11.tar.xz
del: clang+llvm-11.0.1-i386-unknown-freebsd12.tar.xz
del: clang+llvm-11.0.1-powerpc64le-linux-rhel-7.4.tar.xz
del: clang+llvm-11.0.1-powerpc64le-linux-ubuntu-18.04.tar.xz
del: clang+llvm-11.0.1-x86_64-linux-gnu-ubuntu-16.04.tar.xz
del: clang+llvm-11.0.1-x86_64-linux-gnu-ubuntu-20.10.tar.xz
del: clang+llvm-11.0.1-x86_64-linux-sles12.4.tar.xz
del: clang+llvm-11.1.0-amd64-unknown-freebsd11.tar.xz
del: clang+llvm-11.1.0-amd64-unknown-freebsd12.tar.xz
del: clang+llvm-11.1.0-i386-unknown-freebsd11.tar.xz
del: clang+llvm-11.1.0-i386-unknown-freebsd12.tar.xz
del: clang+llvm-11.1.0-powerpc64le-linux-rhel-7.4.tar.xz
del: clang+llvm-11.1.0-powerpc64le-linux-ubuntu-18.04.tar.xz
del: clang+llvm-11.1.0-x86_64-linux-gnu-ubuntu-16.04.tar.xz
del: clang+llvm-11.1.0-x86_64-linux-gnu-ubuntu-20.10.tar.xz
del: clang+llvm-12.0.0-amd64-unknown-freebsd11.tar.xz
del: clang+llvm-12.0.0-amd64-unknown-freebsd12.tar.xz
del: clang+llvm-12.0.0-i386-unknown-freebsd11.tar.xz
del: clang+llvm-12.0.0-i386-unknown-freebsd12.tar.xz
del: clang+llvm-12.0.0-x86_64-linux-gnu-ubuntu-16.04.tar.xz
del: clang+llvm-12.0.0-x86_64-linux-gnu-ubuntu-20.04.tar.xz
del: clang+llvm-12.0.0-x86_64-linux-sles12.4.tar.xz
del: clang+llvm-12.0.1-amd64-unknown-freebsd11.tar.xz
del: clang+llvm-12.0.1-amd64-unknown-freebsd12.tar.xz
del: clang+llvm-12.0.1-i386-unknown-freebsd11.tar.xz
del: clang+llvm-12.0.1-i386-unknown-freebsd12.tar.xz
del: clang+llvm-12.0.1-powerpc64le-linux-rhel-7.9.tar.xz
del: clang+llvm-12.0.1-powerpc64le-linux-ubuntu-18.04.tar.xz
del: clang+llvm-13.0.0-amd64-unknown-freebsd12.tar.xz
del: clang+llvm-13.0.0-amd64-unknown-freebsd13.tar.xz
del: clang+llvm-13.0.0-i386-unknown-freebsd12.tar.xz
del: clang+llvm-13.0.0-i386-unknown-freebsd13.tar.xz
del: clang+llvm-13.0.0-powerpc64le-linux-rhel-7.9.tar.xz
del: clang+llvm-13.0.0-powerpc64le-linux-ubuntu-18.04.tar.xz
del: clang+llvm-13.0.0-x86_64-linux-gnu-ubuntu-16.04.tar.xz
del: clang+llvm-13.0.0-x86_64-linux-gnu-ubuntu-20.04.tar.xz
del: clang+llvm-13.0.1-amd64-unknown-freebsd12.tar.xz
del: clang+llvm-13.0.1-amd64-unknown-freebsd13.tar.xz
del: clang+llvm-13.0.1-i386-unknown-freebsd12.tar.xz
del: clang+llvm-13.0.1-i386-unknown-freebsd13.tar.xz
del: clang+llvm-13.0.1-powerpc64le-linux-rhel-7.9.tar.xz
del: clang+llvm-13.0.1-powerpc64le-linux-ubuntu-18.04.5.tar.xz
del: clang+llvm-14.0.0-amd64-unknown-freebsd12.tar.xz
del: clang+llvm-14.0.0-amd64-unknown-freebsd13.tar.xz
del: clang+llvm-14.0.0-i386-unknown-freebsd12.tar.xz
del: clang+llvm-14.0.0-i386-unknown-freebsd13.tar.xz
del: clang+llvm-14.0.0-powerpc64le-linux-rhel-7.9.tar.xz
del: clang+llvm-14.0.0-powerpc64le-linux-ubuntu-18.04.tar.xz
del: clang+llvm-14.0.0-x86_64-linux-sles12.4.tar.xz
del: clang+llvm-14.0.1-amd64-unknown-freebsd12.tar.xz
del: clang+llvm-14.0.1-amd64-unknown-freebsd13.tar.xz
del: clang+llvm-14.0.1-powerpc64le-linux-rhel-8.4.tar.xz
del: clang+llvm-14.0.1-powerpc64le-linux-ubuntu-18.04.tar.xz
del: clang+llvm-14.0.2-amd64-unknown-freebsd12.tar.xz
del: clang+llvm-14.0.2-amd64-unknown-freebsd13.tar.xz
del: clang+llvm-14.0.3-amd64-unknown-freebsd12.tar.xz
del: clang+llvm-14.0.3-amd64-unknown-freebsd13.tar.xz
del: clang+llvm-14.0.3-powerpc64le-linux-rhel-8.4.tar.xz
del: clang+llvm-14.0.3-powerpc64le-linux-ubuntu-18.04.tar.xz
del: clang+llvm-14.0.4-amd64-unknown-freebsd12.tar.xz
del: clang+llvm-14.0.4-amd64-unknown-freebsd13.tar.xz
del: clang+llvm-14.0.4-powerpc64le-linux-rhel-8.4.tar.xz
del: clang+llvm-14.0.4-powerpc64le-linux-ubuntu-18.04.5.tar.xz
del: clang+llvm-14.0.5-amd64-unknown-freebsd12.tar.xz
del: clang+llvm-14.0.5-amd64-unknown-freebsd13.tar.xz
del: clang+llvm-14.0.5-powerpc64le-linux-rhel-8.4.tar.xz
del: clang+llvm-14.0.5-powerpc64le-linux-ubuntu-18.04.5.tar.xz
del: clang+llvm-14.0.6-amd64-unknown-freebsd12.tar.xz
del: clang+llvm-14.0.6-amd64-unknown-freebsd13.tar.xz
del: clang+llvm-14.0.6-powerpc64le-linux-rhel-8.4.tar.xz
del: clang+llvm-14.0.6-powerpc64le-linux-ubuntu-18.04.5.tar.xz
del: clang+llvm-15.0.0-powerpc64le-linux-rhel-8.4.tar.xz
del: clang+llvm-15.0.0-powerpc64le-linux-ubuntu-18.04.6.tar.xz
del: clang+llvm-15.0.0-sparc64-unknown-linux-gnu.tar.xz
del: clang+llvm-15.0.1-powerpc64le-linux-rhel-8.4.tar.xz
del: clang+llvm-15.0.1-powerpc64le-linux-ubuntu-18.04.5.tar.xz
del: clang+llvm-15.0.2-powerpc64le-linux-rhel-8.4.tar.xz
del: clang+llvm-15.0.2-powerpc64le-linux-ubuntu-18.04.5.tar.xz
del: clang+llvm-15.0.2-x86_64-unknown-linux-gnu-rhel86.tar.xz
del: clang+llvm-15.0.2-x86_64-unknown-linux-gnu-sles15.tar.xz
del: clang+llvm-15.0.3-powerpc64le-linux-rhel-8.4.tar.xz
del: clang+llvm-15.0.3-powerpc64le-linux-ubuntu-18.04.5.tar.xz
del: clang+llvm-15.0.4-powerpc64le-linux-rhel-8.4.tar.xz
del: clang+llvm-15.0.4-powerpc64le-linux-ubuntu-18.04.5.tar.xz
del: clang+llvm-15.0.5-powerpc64le-linux-rhel-8.4.tar.xz
del: clang+llvm-15.0.5-powerpc64le-linux-ubuntu-18.04.5.tar.xz
del: clang+llvm-15.0.6-powerpc64le-linux-rhel-8.4.tar.xz
del: clang+llvm-15.0.6-powerpc64le-linux-ubuntu-18.04.tar.xz
del: clang+llvm-15.0.7-powerpc64le-linux-rhel-8.4.tar.xz
del: clang+llvm-15.0.7-powerpc64le-linux-ubuntu-18.04.tar.xz
del: clang+llvm-16.0.0-amd64-unknown-freebsd13.tar.xz
del: clang+llvm-16.0.0-powerpc64le-linux-rhel-8.4.tar.xz
del: clang+llvm-16.0.0-powerpc64le-linux-ubuntu-18.04.tar.xz
del: clang+llvm-16.0.0-sparc64-unknown-linux-gnu.tar.xz
del: clang+llvm-16.0.1-amd64-unknown-freebsd13.tar.xz
del: clang+llvm-16.0.1-powerpc64le-linux-rhel-8.4.tar.xz
del: clang+llvm-16.0.1-powerpc64le-linux-ubuntu-20.04.tar.xz
del: clang+llvm-16.0.2-amd64-unknown-freebsd13.tar.xz
del: clang+llvm-16.0.4-amd64-unknown-freebsd13.tar.xz
del: clang+llvm-16.0.5-amd64-unknown-freebsd13.tar.xz
del: clang+llvm-17.0.1-final_powerpc64-ibm-aix-7.2.tar.xz
del: clang+llvm-17.0.1-sparc64-unknown-linux-gnu.tar.xz
del: clang+llvm-17.0.2-sparc64-unknown-linux-gnu.tar.xz
del: clang+llvm-18.1.0-sparcv9-sun-solaris2.11.tar.xz
del: clang+llvm-18.1.0-sparcv9-unknown-linux-gnu.tar.xz
